2026-03-13 01:17:26,125 - INFO - 日志系统已启动
2026-03-13 01:17:26,125 - INFO - 开始扫描目录: C:\Users\1\PycharmProjects\PythonProject1\data
2026-03-13 01:17:26,126 - INFO - 共发现 1 个待检测文件
2026-03-13 01:18:00,781 - INFO - 日志系统已启动
2026-03-13 01:18:00,781 - INFO - 开始扫描目录: C:\Users\1\PycharmProjects\PythonProject1\data
2026-03-13 01:18:00,782 - INFO - 共发现 1 个待检测文件
2026-03-13 01:20:16,761 - INFO - 日志系统已启动
2026-03-13 01:20:16,762 - INFO - 开始扫描目录: C:\Users\1\PycharmProjects\PythonProject1\data
2026-03-13 01:20:16,762 - INFO - 共发现 1 个待检测文件
2026-03-13 01:22:21,110 - INFO - 日志系统已启动
2026-03-13 01:22:21,110 - INFO - 开始扫描目录: C:\Users\1\PycharmProjects\PythonProject1\data
2026-03-13 01:22:21,116 - INFO - 共发现 1 个待检测文件
2026-03-13 01:22:35,818 - INFO - 日志系统已启动
2026-03-13 01:22:35,819 - INFO - 开始扫描目录: C:\Users\1\PycharmProjects\PythonProject1\data
2026-03-13 01:22:35,820 - INFO - 共发现 1 个待检测文件
2026-03-13 01:24:00,003 - INFO - 日志系统已启动
2026-03-13 01:24:00,004 - INFO - 开始扫描目录: C:\Users\1\PycharmProjects\PythonProject1\data
2026-03-13 01:24:00,006 - INFO - 共发现 1 个待检测文件
2026-03-13 01:24:00,006 - INFO - 正在检测: C:\Users\1\PycharmProjects\PythonProject1\data\test.docx
2026-03-13 01:25:17,132 - INFO - 日志系统已启动
2026-03-13 01:25:17,133 - INFO - 开始扫描目录: C:\Users\1\PycharmProjects\PythonProject1\data
2026-03-13 01:25:17,135 - INFO - 共发现 1 个待检测文件
2026-03-13 01:25:17,136 - INFO - 正在检测: C:\Users\1\PycharmProjects\PythonProject1\data\test.docx
2026-03-13 01:25:17,144 - WARNING - 无法读取文件内容 C:\Users\1\PycharmProjects\PythonProject1\data\test.docx: Package not found at 'C:\Users\1\PycharmProjects\PythonProject1\data\test.docx'
2026-03-13 01:25:17,146 - INFO - 未发现敏感文件，系统正常。
2026-03-13 01:29:26,154 - INFO - 日志系统已启动
2026-03-13 01:31:47,011 - INFO - 日志系统已启动
2026-03-13 01:34:08,504 - INFO - 日志系统已启动
2026-03-13 01:38:12,895 - INFO - 日志系统已启动
2026-03-13 01:40:20,441 - INFO - 日志系统已启动
2026-03-13 01:40:56,763 - INFO - 日志系统已启动
2026-03-13 01:45:37,046 - INFO - 日志系统已启动
2026-03-13 01:46:08,139 - INFO - 日志系统已启动
2026-03-13 01:51:44,854 - INFO - 日志系统已启动
2026-03-13 01:57:15,263 - INFO - 日志系统已启动
